13:55:51 **** Clean-only build of configuration Default for project pop ****
"make BOARD=FTHR_RevA" clean 
Cannot run program "make BOARD=FTHR_RevA": Launching failed

Error: Program "make BOARD=FTHR_RevA" not found in PATH
PATH=[C:/MaximSDk/Tools/Eclipse/cdt//plugins/org.eclipse.justj.openjdk.hotspot.jre.full.win32.x86_64_17.0.5.v20221102-0933/jre/bin/server;C:/MaximSDk/Tools/Eclipse/cdt//plugins/org.eclipse.justj.openjdk.hotspot.jre.full.win32.x86_64_17.0.5.v20221102-0933/jre/bin;C:\MaximSDk\Tools\SBT\bin;C:\MaximSDk\Tools\GNUTools\10.3\bin;C:\MaximSDk\Tools\xPack\riscv-none-elf-gcc\12.2.0-3.1\bin;C:\MaximSDk\Tools\xPack\riscv-none-embed-gcc\10.2.0-1.2\bin;C:\MaximSDk\Tools\MSYS2\usr\bin;C:\MaximSDk\Tools\GNUTools\Make;C:\MaximSDk\Tools\OpenOCD;C:\Program Files (x86)\Common Files\Oracle\Java\java8path;C:\Program Files (x86)\Common Files\Oracle\Java\javapath;C:\Program Files\NVIDIA GPU Computing Toolkit\CUDA\v12.8\bin;C:\Program Files\NVIDIA GPU Computing Toolkit\CUDA\v12.8\libnvvp;C:\Windows\system32;C:\Windows;C:\Windows\System32\Wbem;C:\Windows\System32\WindowsPowerShell\v1.0\;C:\Windows\System32\OpenSSH\;C:\Program Files (x86)\NVIDIA Corporation\PhysX\Common;C:\Program Files\dotnet\;C:\Program Files\MATLAB\R2024b\bin;C:\Program Files\CinemaGrade\;C:\Program Files\Git\cmd;C:\Program Files\PuTTY\;C:\Users\senth\AppData\Local\Programs\Python\Python311\Scripts\;C:\Users\senth\AppData\Local\Programs\Python\Python311\;C:\Users\senth\AppData\Local\Programs\Python\Launcher\;C:\Users\senth\AppData\Local\Microsoft\WindowsApps;C:\Users\senth\AppData\Local\Programs\Python\Python311\python.exe;C:\msys64\mingw64\bin;C:\Program Files\NVIDIA Corporation\Nsight Compute 2025.1.0\;C:\Program Files\nodejs\;C:\Program Files\NVIDIA Corporation\NVIDIA App\NvDLISR;C:\Users\senth\AppData\Local\Programs\Python\Python311\Scripts\;C:\Users\senth\AppData\Local\Programs\Python\Python311\;C:\Users\senth\AppData\Local\Programs\Python\Launcher\;C:\Users\senth\AppData\Local\Microsoft\WindowsApps;C:\Users\senth\AppData\Local\Programs\Python\Python311\python.exe;C:\Users\senth\AppData\Local\Programs\Microsoft VS Code\bin;C:\Users\senth\AppData\Local\Programs\cursor\resources\app\bin;C:\Users\senth\AppData\Local\Microsoft\WinGet\Packages\Schniz.fnm_Microsoft.Winget.Source_8wekyb3d8bbwe;C:\Users\senth\AppData\Roaming\npm;C:\MaximSDk\Tools\Eclipse\cdt]
13:56:28 **** Build of configuration Default for project pop ****
make -r -j 8 --output-sync=target --no-print-directory 
Loaded project.mk
C:/MaximSDk/Libraries/SDHC/sdhc.mk:67: warning: overriding recipe for target 'distclean'
C:/MaximSDk/Libraries/SDHC/ff15/fat32.mk:73: warning: ignoring old recipe for target 'distclean'
****************************************************************************
* Analog Devices MSDK
* - User Guide: https://analogdevicesinc.github.io/msdk/USERGUIDE/
* - Get Support: https://www.analog.com/support/technical-support.html
* - Report Issues: https://github.com/analogdevicesinc/msdk/issues
* - Contributing: https://analogdevicesinc.github.io/msdk/CONTRIBUTING/
****************************************************************************
arm-none-eabi-size --format=berkeley /c/Users/senth/Desktop/NCSU/Research/pop/build/pop.elf
   text	   data	    bss	    dec	    hex	filename
 389120	   2608	  35820	 427548	  6861c	C:/Users/senth/Desktop/NCSU/Research/pop/build/pop.elf
13:56:31 **** Incremental Build of configuration Default for project pop ****
make -r -j 8 --output-sync=target --no-print-directory 
Loaded project.mk
C:/MaximSDk/Libraries/SDHC/sdhc.mk:67: warning: overriding recipe for target 'distclean'
C:/MaximSDk/Libraries/SDHC/ff15/fat32.mk:73: warning: ignoring old recipe for target 'distclean'
****************************************************************************
* Analog Devices MSDK
* - User Guide: https://analogdevicesinc.github.io/msdk/USERGUIDE/
* - Get Support: https://www.analog.com/support/technical-support.html
* - Report Issues: https://github.com/analogdevicesinc/msdk/issues
* - Contributing: https://analogdevicesinc.github.io/msdk/CONTRIBUTING/
****************************************************************************
arm-none-eabi-size --format=berkeley /c/Users/senth/Desktop/NCSU/Research/pop/build/pop.elf
   text	   data	    bss	    dec	    hex	filename
 389120	   2608	  35820	 427548	  6861c	C:/Users/senth/Desktop/NCSU/Research/pop/build/pop.elf
13:56:33 **** Incremental Build of configuration Default for project pop ****
make -r -j 8 --output-sync=target --no-print-directory 
Loaded project.mk
C:/MaximSDk/Libraries/SDHC/sdhc.mk:67: warning: overriding recipe for target 'distclean'
C:/MaximSDk/Libraries/SDHC/ff15/fat32.mk:73: warning: ignoring old recipe for target 'distclean'
****************************************************************************
* Analog Devices MSDK
* - User Guide: https://analogdevicesinc.github.io/msdk/USERGUIDE/
* - Get Support: https://www.analog.com/support/technical-support.html
* - Report Issues: https://github.com/analogdevicesinc/msdk/issues
* - Contributing: https://analogdevicesinc.github.io/msdk/CONTRIBUTING/
****************************************************************************
arm-none-eabi-size --format=berkeley /c/Users/senth/Desktop/NCSU/Research/pop/build/pop.elf
   text	   data	    bss	    dec	    hex	filename
 389120	   2608	  35820	 427548	  6861c	C:/Users/senth/Desktop/NCSU/Research/pop/build/pop.elf
14:03:38 **** Incremental Build of configuration Default for project pop ****
make -r -j 8 --output-sync=target --no-print-directory 
Loaded project.mk
C:/MaximSDk/Libraries/SDHC/sdhc.mk:67: warning: overriding recipe for target 'distclean'
C:/MaximSDk/Libraries/SDHC/ff15/fat32.mk:73: warning: ignoring old recipe for target 'distclean'
****************************************************************************
* Analog Devices MSDK
* - User Guide: https://analogdevicesinc.github.io/msdk/USERGUIDE/
* - Get Support: https://www.analog.com/support/technical-support.html
* - Report Issues: https://github.com/analogdevicesinc/msdk/issues
* - Contributing: https://analogdevicesinc.github.io/msdk/CONTRIBUTING/
****************************************************************************
arm-none-eabi-size --format=berkeley /c/Users/senth/Desktop/NCSU/Research/pop/build/pop.elf
   text	   data	    bss	    dec	    hex	filename
 389120	   2608	  35820	 427548	  6861c	C:/Users/senth/Desktop/NCSU/Research/pop/build/pop.elf
14:03:57 **** Incremental Build of configuration Default for project pop ****
make -r -j 8 --output-sync=target --no-print-directory 
Loaded project.mk
C:/MaximSDk/Libraries/SDHC/sdhc.mk:67: warning: overriding recipe for target 'distclean'
C:/MaximSDk/Libraries/SDHC/ff15/fat32.mk:73: warning: ignoring old recipe for target 'distclean'
****************************************************************************
* Analog Devices MSDK
* - User Guide: https://analogdevicesinc.github.io/msdk/USERGUIDE/
* - Get Support: https://www.analog.com/support/technical-support.html
* - Report Issues: https://github.com/analogdevicesinc/msdk/issues
* - Contributing: https://analogdevicesinc.github.io/msdk/CONTRIBUTING/
****************************************************************************
arm-none-eabi-size --format=berkeley /c/Users/senth/Desktop/NCSU/Research/pop/build/pop.elf
   text	   data	    bss	    dec	    hex	filename
 389120	   2608	  35820	 427548	  6861c	C:/Users/senth/Desktop/NCSU/Research/pop/build/pop.elf
14:04:13 **** Incremental Build of configuration Default for project pop ****
make -r -j 8 --output-sync=target --no-print-directory 
Loaded project.mk
C:/MaximSDk/Libraries/SDHC/sdhc.mk:67: warning: overriding recipe for target 'distclean'
C:/MaximSDk/Libraries/SDHC/ff15/fat32.mk:73: warning: ignoring old recipe for target 'distclean'
****************************************************************************
* Analog Devices MSDK
* - User Guide: https://analogdevicesinc.github.io/msdk/USERGUIDE/
* - Get Support: https://www.analog.com/support/technical-support.html
* - Report Issues: https://github.com/analogdevicesinc/msdk/issues
* - Contributing: https://analogdevicesinc.github.io/msdk/CONTRIBUTING/
****************************************************************************
arm-none-eabi-size --format=berkeley /c/Users/senth/Desktop/NCSU/Research/pop/build/pop.elf
   text	   data	    bss	    dec	    hex	filename
 389120	   2608	  35820	 427548	  6861c	C:/Users/senth/Desktop/NCSU/Research/pop/build/pop.elf
14:06:46 **** Incremental Build of configuration Default for project pop ****
make -r -j 8 --output-sync=target --no-print-directory 
Loaded project.mk
C:/MaximSDk/Libraries/SDHC/sdhc.mk:67: warning: overriding recipe for target 'distclean'
C:/MaximSDk/Libraries/SDHC/ff15/fat32.mk:73: warning: ignoring old recipe for target 'distclean'
****************************************************************************
* Analog Devices MSDK
* - User Guide: https://analogdevicesinc.github.io/msdk/USERGUIDE/
* - Get Support: https://www.analog.com/support/technical-support.html
* - Report Issues: https://github.com/analogdevicesinc/msdk/issues
* - Contributing: https://analogdevicesinc.github.io/msdk/CONTRIBUTING/
****************************************************************************
arm-none-eabi-size --format=berkeley /c/Users/senth/Desktop/NCSU/Research/pop/build/pop.elf
   text	   data	    bss	    dec	    hex	filename
 389120	   2608	  35820	 427548	  6861c	C:/Users/senth/Desktop/NCSU/Research/pop/build/pop.elf
21:31:38 **** Running scanner discovery: CDT Cross GCC Built-in Compiler Settings ****
arm-none-eabi-gcc -E -P -v -dD C:/Users/senth/Desktop/NCSU/Research/.metadata/.plugins/org.eclipse.cdt.managedbuilder.core/spec.c -DMXC_ASSERT_ENABLE -DARM_MATH_CM4 
Using built-in specs.
COLLECT_GCC=C:\MaximSDk\Tools\GNUTools\10.3\bin\arm-none-eabi-gcc.exe
Target: arm-none-eabi
Configured with: /mnt/workspace/workspace/GCC-10-pipeline/jenkins-GCC-10-pipeline-338_20211018_1634516203/src/gcc/configure --build=x86_64-linux-gnu --host=i686-w64-mingw32 --target=arm-none-eabi --prefix=/mnt/workspace/workspace/GCC-10-pipeline/jenkins-GCC-10-pipeline-338_20211018_1634516203/install-mingw --libexecdir=/mnt/workspace/workspace/GCC-10-pipeline/jenkins-GCC-10-pipeline-338_20211018_1634516203/install-mingw/lib --infodir=/mnt/workspace/workspace/GCC-10-pipeline/jenkins-GCC-10-pipeline-338_20211018_1634516203/install-mingw/share/doc/gcc-arm-none-eabi/info --mandir=/mnt/workspace/workspace/GCC-10-pipeline/jenkins-GCC-10-pipeline-338_20211018_1634516203/install-mingw/share/doc/gcc-arm-none-eabi/man --htmldir=/mnt/workspace/workspace/GCC-10-pipeline/jenkins-GCC-10-pipeline-338_20211018_1634516203/install-mingw/share/doc/gcc-arm-none-eabi/html --pdfdir=/mnt/workspace/workspace/GCC-10-pipeline/jenkins-GCC-10-pipeline-338_20211018_1634516203/install-mingw/share/doc/gcc-arm-none-eabi/pdf --enable-languages=c,c++ --enable-mingw-wildcard --disable-decimal-float --disable-libffi --disable-libgomp --disable-libmudflap --disable-libquadmath --disable-libssp --disable-libstdcxx-pch --disable-nls --disable-shared --disable-threads --disable-tls --with-gnu-as --with-gnu-ld --with-headers=yes --with-newlib --with-python-dir=share/gcc-arm-none-eabi --with-sysroot=/mnt/workspace/workspace/GCC-10-pipeline/jenkins-GCC-10-pipeline-338_20211018_1634516203/install-mingw/arm-none-eabi --with-libiconv-prefix=/mnt/workspace/workspace/GCC-10-pipeline/jenkins-GCC-10-pipeline-338_20211018_1634516203/build-mingw/host-libs/usr --with-gmp=/mnt/workspace/workspace/GCC-10-pipeline/jenkins-GCC-10-pipeline-338_20211018_1634516203/build-mingw/host-libs/usr --with-mpfr=/mnt/workspace/workspace/GCC-10-pipeline/jenkins-GCC-10-pipeline-338_20211018_1634516203/build-mingw/host-libs/usr --with-mpc=/mnt/workspace/workspace/GCC-10-pipeline/jenkins-GCC-10-pipeline-338_20211018_1634516203/build-mingw/host-libs/usr --with-isl=/mnt/workspace/workspace/GCC-10-pipeline/jenkins-GCC-10-pipeline-338_20211018_1634516203/build-mingw/host-libs/usr --with-libelf=/mnt/workspace/workspace/GCC-10-pipeline/jenkins-GCC-10-pipeline-338_20211018_1634516203/build-mingw/host-libs/usr --with-host-libstdcxx='-static-libgcc -Wl,-Bstatic,-lstdc++,-Bdynamic -lm' --with-pkgversion='GNU Arm Embedded Toolchain 10.3-2021.10' --with-multilib-list=rmprofile,aprofile
Thread model: single
Supported LTO compression algorithms: zlib
gcc version 10.3.1 20210824 (release) (GNU Arm Embedded Toolchain 10.3-2021.10) 
COLLECT_GCC_OPTIONS='-E' '-P' '-v' '-dD' '-D' 'MXC_ASSERT_ENABLE' '-D' 'ARM_MATH_CM4' '-mcpu=arm7tdmi' '-mfloat-abi=soft' '-marm' '-mlibarch=armv4t' '-march=armv4t'
 c:/maximsdk/tools/gnutools/10.3/bin/../lib/gcc/arm-none-eabi/10.3.1/cc1.exe -E -quiet -v -P -iprefix c:\maximsdk\tools\gnutools\10.3\bin\../lib/gcc/arm-none-eabi/10.3.1/ -isysroot c:\maximsdk\tools\gnutools\10.3\bin\../arm-none-eabi -D__USES_INITFINI__ -D MXC_ASSERT_ENABLE -D ARM_MATH_CM4 C:/Users/senth/Desktop/NCSU/Research/.metadata/.plugins/org.eclipse.cdt.managedbuilder.core/spec.c -mcpu=arm7tdmi -mfloat-abi=soft -marm -mlibarch=armv4t -march=armv4t -dD
#define __STDC__ 1
#define __STDC_VERSION__ 201710L
#define __STDC_UTF_16__ 1
#define __STDC_UTF_32__ 1
#define __STDC_HOSTED__ 1
#define __GNUC__ 10
#define __GNUC_MINOR__ 3
#define __GNUC_PATCHLEVEL__ 1
#define __VERSION__ "10.3.1 20210824 (release)"
#define __ATOMIC_RELAXED 0
#define __ATOMIC_SEQ_CST 5
#define __ATOMIC_ACQUIRE 2
#define __ATOMIC_RELEASE 3
#define __ATOMIC_ACQ_REL 4
#define __ATOMIC_CONSUME 1
#define __FINITE_MATH_ONLY__ 0
#define __SIZEOF_INT__ 4
#define __SIZEOF_LONG__ 4
#define __SIZEOF_LONG_LONG__ 8
#define __SIZEOF_SHORT__ 2
#define __SIZEOF_FLOAT__ 4
#define __SIZEOF_DOUBLE__ 8
#define __SIZEOF_LONG_DOUBLE__ 8
#define __SIZEOF_SIZE_T__ 4
#define __CHAR_BIT__ 8
#define __BIGGEST_ALIGNMENT__ 8
#define __ORDER_LITTLE_ENDIAN__ 1234
#define __ORDER_BIG_ENDIAN__ 4321
#define __ORDER_PDP_ENDIAN__ 3412
#define __BYTE_ORDER__ __ORDER_LITTLE_ENDIAN__
#define __FLOAT_WORD_ORDER__ __ORDER_LITTLE_ENDIAN__
#define __SIZEOF_POINTER__ 4
#define __SIZE_TYPE__ unsigned int
#define __PTRDIFF_TYPE__ int
#define __WCHAR_TYPE__ unsigned int
#define __WINT_TYPE__ unsigned int
#define __INTMAX_TYPE__ long long int
#define __UINTMAX_TYPE__ long long unsigned int
#define __CHAR16_TYPE__ short unsigned int
#define __CHAR32_TYPE__ long unsigned int
#define __SIG_ATOMIC_TYPE__ int
#define __INT8_TYPE__ signed char
#define __INT16_TYPE__ short int
#define __INT32_TYPE__ long int
#define __INT64_TYPE__ long long int
#define __UINT8_TYPE__ unsigned char
#define __UINT16_TYPE__ short unsigned int
#define __UINT32_TYPE__ long unsigned int
#define __UINT64_TYPE__ long long unsigned int
#define __INT_LEAST8_TYPE__ signed char
#define __INT_LEAST16_TYPE__ short int
#define __INT_LEAST32_TYPE__ long int
#define __INT_LEAST64_TYPE__ long long int
#define __UINT_LEAST8_TYPE__ unsigned char
#define __UINT_LEAST16_TYPE__ short unsigned int
#define __UINT_LEAST32_TYPE__ long unsigned int
#define __UINT_LEAST64_TYPE__ long long unsigned int
#define __INT_FAST8_TYPE__ int
#define __INT_FAST16_TYPE__ int
#define __INT_FAST32_TYPE__ int
#define __INT_FAST64_TYPE__ long long int
#define __UINT_FAST8_TYPE__ unsigned int
#define __UINT_FAST16_TYPE__ unsigned int
#define __UINT_FAST32_TYPE__ unsigned int
#define __UINT_FAST64_TYPE__ long long unsigned int
#define __INTPTR_TYPE__ int
#define __UINTPTR_TYPE__ unsigned int
#define __GXX_ABI_VERSION 1014
#define __SCHAR_MAX__ 0x7f
#define __SHRT_MAX__ 0x7fff
#define __INT_MAX__ 0x7fffffff
#define __LONG_MAX__ 0x7fffffffL
#define __LONG_LONG_MAX__ 0x7fffffffffffffffLL
#define __WCHAR_MAX__ 0xffffffffU
#define __WCHAR_MIN__ 0U
#define __WINT_MAX__ 0xffffffffU
#define __WINT_MIN__ 0U
#define __PTRDIFF_MAX__ 0x7fffffff
#define __SIZE_MAX__ 0xffffffffU
#define __SCHAR_WIDTH__ 8
#define __SHRT_WIDTH__ 16
#define __INT_WIDTH__ 32
#define __LONG_WIDTH__ 32
#define __LONG_LONG_WIDTH__ 64
#define __WCHAR_WIDTH__ 32
#define __WINT_WIDTH__ 32
#define __PTRDIFF_WIDTH__ 32
#define __SIZE_WIDTH__ 32
#define __INTMAX_MAX__ 0x7fffffffffffffffLL
#define __INTMAX_C(c) c ## LL
#define __UINTMAX_MAX__ 0xffffffffffffffffULL
#define __UINTMAX_C(c) c ## ULL
#define __INTMAX_WIDTH__ 64
#define __SIG_ATOMIC_MAX__ 0x7fffffff
#define __SIG_ATOMIC_MIN__ (-__SIG_ATOMIC_MAX__ - 1)
#define __SIG_ATOMIC_WIDTH__ 32
#define __INT8_MAX__ 0x7f
#define __INT16_MAX__ 0x7fff
#define __INT32_MAX__ 0x7fffffffL
#define __INT64_MAX__ 0x7fffffffffffffffLL
#define __UINT8_MAX__ 0xff
#define __UINT16_MAX__ 0xffff
#define __UINT32_MAX__ 0xffffffffUL
#define __UINT64_MAX__ 0xffffffffffffffffULL
#define __INT_LEAST8_MAX__ 0x7f
#define __INT8_C(c) c
#define __INT_LEAST8_WIDTH__ 8
#define __INT_LEAST16_MAX__ 0x7fff
#define __INT16_C(c) c
#define __INT_LEAST16_WIDTH__ 16
#define __INT_LEAST32_MAX__ 0x7fffffffL
#define __INT32_C(c) c ## L
#define __INT_LEAST32_WIDTH__ 32
#define __INT_LEAST64_MAX__ 0x7fffffffffffffffLL
#define __INT64_C(c) c ## LL
#define __INT_LEAST64_WIDTH__ 64
#define __UINT_LEAST8_MAX__ 0xff
#define __UINT8_C(c) c
#define __UINT_LEAST16_MAX__ 0xffff
#define __UINT16_C(c) c
#define __UINT_LEAST32_MAX__ 0xffffffffUL
#define __UINT32_C(c) c ## UL
#define __UINT_LEAST64_MAX__ 0xffffffffffffffffULL
#define __UINT64_C(c) c ## ULL
#define __INT_FAST8_MAX__ 0x7fffffff
#define __INT_FAST8_WIDTH__ 32
#define __INT_FAST16_MAX__ 0x7fffffff
#define __INT_FAST16_WIDTH__ 32
#define __INT_FAST32_MAX__ 0x7fffffff
#define __INT_FAST32_WIDTH__ 32
#define __INT_FAST64_MAX__ 0x7fffffffffffffffLL
#define __INT_FAST64_WIDTH__ 64
#define __UINT_FAST8_MAX__ 0xffffffffU
#define __UINT_FAST16_MAX__ 0xffffffffU
#define __UINT_FAST32_MAX__ 0xffffffffU
#define __UINT_FAST64_MAX__ 0xffffffffffffffffULL
#define __INTPTR_MAX__ 0x7fffffff
#define __INTPTR_WIDTH__ 32
#define __UINTPTR_MAX__ 0xffffffffU
#define __GCC_IEC_559 0
#define __GCC_IEC_559_COMPLEX 0
#define __FLT_EVAL_METHOD__ 0
#define __FLT_EVAL_METHOD_TS_18661_3__ 0
#define __DEC_EVAL_METHOD__ 2
#define __FLT_RADIX__ 2
#define __FLT_MANT_DIG__ 24
#define __FLT_DIG__ 6
#define __FLT_MIN_EXP__ (-125)
#define __FLT_MIN_10_EXP__ (-37)
#define __FLT_MAX_EXP__ 128
#define __FLT_MAX_10_EXP__ 38
#define __FLT_DECIMAL_DIG__ 9
#define __FLT_MAX__ 3.4028234663852886e+38F
#define __FLT_NORM_MAX__ 3.4028234663852886e+38F
#define __FLT_MIN__ 1.1754943508222875e-38F
#define __FLT_EPSILON__ 1.1920928955078125e-7F
#define __FLT_DENORM_MIN__ 1.4012984643248171e-45F
#define __FLT_HAS_DENORM__ 1
#define __FLT_HAS_INFINITY__ 1
#define __FLT_HAS_QUIET_NAN__ 1
#define __DBL_MANT_DIG__ 53
#define __DBL_DIG__ 15
#define __DBL_MIN_EXP__ (-1021)
#define __DBL_MIN_10_EXP__ (-307)
#define __DBL_MAX_EXP__ 1024
#define __DBL_MAX_10_EXP__ 308
#define __DBL_DECIMAL_DIG__ 17
#define __DBL_MAX__ ((double)1.7976931348623157e+308L)
#define __DBL_NORM_MAX__ ((double)1.7976931348623157e+308L)
#define __DBL_MIN__ ((double)2.2250738585072014e-308L)
#define __DBL_EPSILON__ ((double)2.2204460492503131e-16L)
#define __DBL_DENORM_MIN__ ((double)4.9406564584124654e-324L)
#define __DBL_HAS_DENORM__ 1
#define __DBL_HAS_INFINITY__ 1
#define __DBL_HAS_QUIET_NAN__ 1
#define __LDBL_MANT_DIG__ 53
#define __LDBL_DIG__ 15
#define __LDBL_MIN_EXP__ (-1021)
#define __LDBL_MIN_10_EXP__ (-307)
#define __LDBL_MAX_EXP__ 1024
#define __LDBL_MAX_10_EXP__ 308
#define __DECIMAL_DIG__ 17
#define __LDBL_DECIMAL_DIG__ 17
#define __LDBL_MAX__ 1.7976931348623157e+308L
#define __LDBL_NORM_MAX__ 1.7976931348623157e+308L
#define __LDBL_MIN__ 2.2250738585072014e-308L
#define __LDBL_EPSILON__ 2.2204460492503131e-16L
#define __LDBL_DENORM_MIN__ 4.9406564584124654e-324L
#define __LDBL_HAS_DENORM__ 1
#define __LDBL_HAS_INFINITY__ 1
#define __LDBL_HAS_QUIET_NAN__ 1
#define __FLT32_MANT_DIG__ 24
#define __FLT32_DIG__ 6
#define __FLT32_MIN_EXP__ (-125)
#define __FLT32_MIN_10_EXP__ (-37)
#define __FLT32_MAX_EXP__ 128
#define __FLT32_MAX_10_EXP__ 38
#define __FLT32_DECIMAL_DIG__ 9
#define __FLT32_MAX__ 3.4028234663852886e+38F32
#define __FLT32_NORM_MAX__ 3.4028234663852886e+38F32
#define __FLT32_MIN__ 1.1754943508222875e-38F32
#define __FLT32_EPSILON__ 1.1920928955078125e-7F32
#define __FLT32_DENORM_MIN__ 1.4012984643248171e-45F32
#define __FLT32_HAS_DENORM__ 1
#define __FLT32_HAS_INFINITY__ 1
#define __FLT32_HAS_QUIET_NAN__ 1
#define __FLT64_MANT_DIG__ 53
#define __FLT64_DIG__ 15
#define __FLT64_MIN_EXP__ (-1021)
#define __FLT64_MIN_10_EXP__ (-307)
#define __FLT64_MAX_EXP__ 1024
#define __FLT64_MAX_10_EXP__ 308
#define __FLT64_DECIMAL_DIG__ 17
#define __FLT64_MAX__ 1.7976931348623157e+308F64
#define __FLT64_NORM_MAX__ 1.7976931348623157e+308F64
#define __FLT64_MIN__ 2.2250738585072014e-308F64
#define __FLT64_EPSILON__ 2.2204460492503131e-16F64
#define __FLT64_DENORM_MIN__ 4.9406564584124654e-324F64
#define __FLT64_HAS_DENORM__ 1
#define __FLT64_HAS_INFINITY__ 1
#define __FLT64_HAS_QUIET_NAN__ 1
#define __FLT32X_MANT_DIG__ 53
#define __FLT32X_DIG__ 15
#define __FLT32X_MIN_EXP__ (-1021)
#define __FLT32X_MIN_10_EXP__ (-307)
#define __FLT32X_MAX_EXP__ 1024
#define __FLT32X_MAX_10_EXP__ 308
#define __FLT32X_DECIMAL_DIG__ 17
#define __FLT32X_MAX__ 1.7976931348623157e+308F32x
#define __FLT32X_NORM_MAX__ 1.7976931348623157e+308F32x
#define __FLT32X_MIN__ 2.2250738585072014e-308F32x
#define __FLT32X_EPSILON__ 2.2204460492503131e-16F32x
#define __FLT32X_DENORM_MIN__ 4.9406564584124654e-324F32x
#define __FLT32X_HAS_DENORM__ 1
#define __FLT32X_HAS_INFINITY__ 1
#define __FLT32X_HAS_QUIET_NAN__ 1
#define __SFRACT_FBIT__ 7
#define __SFRACT_IBIT__ 0
#define __SFRACT_MIN__ (-0.5HR-0.5HR)
#define __SFRACT_MAX__ 0X7FP-7HR
#define __SFRACT_EPSILON__ 0x1P-7HR
#define __USFRACT_FBIT__ 8
#define __USFRACT_IBIT__ 0
#define __USFRACT_MIN__ 0.0UHR
#define __USFRACT_MAX__ 0XFFP-8UHR
#define __USFRACT_EPSILON__ 0x1P-8UHR
#define __FRACT_FBIT__ 15
#define __FRACT_IBIT__ 0
#define __FRACT_MIN__ (-0.5R-0.5R)
#define __FRACT_MAX__ 0X7FFFP-15R
#define __FRACT_EPSILON__ 0x1P-15R
#define __UFRACT_FBIT__ 16
#define __UFRACT_IBIT__ 0
#define __UFRACT_MIN__ 0.0UR
#define __UFRACT_MAX__ 0XFFFFP-16UR
#define __UFRACT_EPSILON__ 0x1P-16UR
#define __LFRACT_FBIT__ 31
#define __LFRACT_IBIT__ 0
#define __LFRACT_MIN__ (-0.5LR-0.5LR)
#define __LFRACT_MAX__ 0X7FFFFFFFP-31LR
#define __LFRACT_EPSILON__ 0x1P-31LR
#define __ULFRACT_FBIT__ 32
#define __ULFRACT_IBIT__ 0
#define __ULFRACT_MIN__ 0.0ULR
#define __ULFRACT_MAX__ 0XFFFFFFFFP-32ULR
#define __ULFRACT_EPSILON__ 0x1P-32ULR
#define __LLFRACT_FBIT__ 63
#define __LLFRACT_IBIT__ 0
#define __LLFRACT_MIN__ (-0.5LLR-0.5LLR)
#define __LLFRACT_MAX__ 0X7FFFFFFFFFFFFFFFP-63LLR
#define __LLFRACT_EPSILON__ 0x1P-63LLR
#define __ULLFRACT_FBIT__ 64
#define __ULLFRACT_IBIT__ 0
#define __ULLFRACT_MIN__ 0.0ULLR
#define __ULLFRACT_MAX__ 0XFFFFFFFFFFFFFFFFP-64ULLR
#define __ULLFRACT_EPSILON__ 0x1P-64ULLR
#define __SACCUM_FBIT__ 7
#define __SACCUM_IBIT__ 8
#define __SACCUM_MIN__ (-0X1P7HK-0X1P7HK)
#define __SACCUM_MAX__ 0X7FFFP-7HK
#define __SACCUM_EPSILON__ 0x1P-7HK
#define __USACCUM_FBIT__ 8
#define __USACCUM_IBIT__ 8
#define __USACCUM_MIN__ 0.0UHK
#define __USACCUM_MAX__ 0XFFFFP-8UHK
#define __USACCUM_EPSILON__ 0x1P-8UHK
#define __ACCUM_FBIT__ 15
#define __ACCUM_IBIT__ 16
#define __ACCUM_MIN__ (-0X1P15K-0X1P15K)
#define __ACCUM_MAX__ 0X7FFFFFFFP-15K
#define __ACCUM_EPSILON__ 0x1P-15K
#define __UACCUM_FBIT__ 16
#define __UACCUM_IBIT__ 16
#define __UACCUM_MIN__ 0.0UK
#define __UACCUM_MAX__ 0XFFFFFFFFP-16UK
#define __UACCUM_EPSILON__ 0x1P-16UK
#define __LACCUM_FBIT__ 31
#define __LACCUM_IBIT__ 32
#define __LACCUM_MIN__ (-0X1P31LK-0X1P31LK)
#define __LACCUM_MAX__ 0X7FFFFFFFFFFFFFFFP-31LK
#define __LACCUM_EPSILON__ 0x1P-31LK
#define __ULACCUM_FBIT__ 32
#define __ULACCUM_IBIT__ 32
#define __ULACCUM_MIN__ 0.0ULK
#define __ULACCUM_MAX__ 0XFFFFFFFFFFFFFFFFP-32ULK
#define __ULACCUM_EPSILON__ 0x1P-32ULK
#define __LLACCUM_FBIT__ 31
#define __LLACCUM_IBIT__ 32
#define __LLACCUM_MIN__ (-0X1P31LLK-0X1P31LLK)
#define __LLACCUM_MAX__ 0X7FFFFFFFFFFFFFFFP-31LLK
#define __LLACCUM_EPSILON__ 0x1P-31LLK
#define __ULLACCUM_FBIT__ 32
#define __ULLACCUM_IBIT__ 32
#define __ULLACCUM_MIN__ 0.0ULLK
#define __ULLACCUM_MAX__ 0XFFFFFFFFFFFFFFFFP-32ULLK
#define __ULLACCUM_EPSILON__ 0x1P-32ULLK
#define __QQ_FBIT__ 7
#define __QQ_IBIT__ 0
#define __HQ_FBIT__ 15
#define __HQ_IBIT__ 0
#define __SQ_FBIT__ 31
#define __SQ_IBIT__ 0
#define __DQ_FBIT__ 63
#define __DQ_IBIT__ 0
#define __TQ_FBIT__ 127
#define __TQ_IBIT__ 0
#define __UQQ_FBIT__ 8
#define __UQQ_IBIT__ 0
#define __UHQ_FBIT__ 16
#define __UHQ_IBIT__ 0
#define __USQ_FBIT__ 32
#define __USQ_IBIT__ 0
#define __UDQ_FBIT__ 64
#define __UDQ_IBIT__ 0
#define __UTQ_FBIT__ 128
#define __UTQ_IBIT__ 0
#define __HA_FBIT__ 7
#define __HA_IBIT__ 8
#define __SA_FBIT__ 15
#define __SA_IBIT__ 16
#define __DA_FBIT__ 31
#define __DA_IBIT__ 32
#define __TA_FBIT__ 63
#define __TA_IBIT__ 64
#define __UHA_FBIT__ 8
#define __UHA_IBIT__ 8
#define __USA_FBIT__ 16
#define __USA_IBIT__ 16
#define __UDA_FBIT__ 32
#define __UDA_IBIT__ 32
#define __UTA_FBIT__ 64
#define __UTA_IBIT__ 64
#define __REGISTER_PREFIX__ 
#define __USER_LABEL_PREFIX__ 
#define __GNUC_STDC_INLINE__ 1
#define __NO_INLINE__ 1
#define __CHAR_UNSIGNED__ 1
#define __GCC_ATOMIC_BOOL_LOCK_FREE 1
#define __GCC_ATOMIC_CHAR_LOCK_FREE 1
#define __GCC_ATOMIC_CHAR16_T_LOCK_FREE 1
#define __GCC_ATOMIC_CHAR32_T_LOCK_FREE 1
#define __GCC_ATOMIC_WCHAR_T_LOCK_FREE 1
#define __GCC_ATOMIC_SHORT_LOCK_FREE 1
#define __GCC_ATOMIC_INT_LOCK_FREE 1
#define __GCC_ATOMIC_LONG_LOCK_FREE 1
#define __GCC_ATOMIC_LLONG_LOCK_FREE 1
#define __GCC_ATOMIC_TEST_AND_SET_TRUEVAL 1
#define __GCC_ATOMIC_POINTER_LOCK_FREE 1
#define __HAVE_SPECULATION_SAFE_VALUE 1
#define __PRAGMA_REDEFINE_EXTNAME 1
#define __SIZEOF_WCHAR_T__ 4
#define __SIZEOF_WINT_T__ 4
#define __SIZEOF_PTRDIFF_T__ 4
#undef __ARM_FEATURE_DSP
#undef __ARM_FEATURE_QBIT
#undef __ARM_FEATURE_SAT
#undef __ARM_FEATURE_CRYPTO
#undef __ARM_FEATURE_UNALIGNED
#undef __ARM_FEATURE_QRDMX
#undef __ARM_FEATURE_CRC32
#undef __ARM_FEATURE_DOTPROD
#undef __ARM_FEATURE_COMPLEX
#define __ARM_32BIT_STATE 1
ignoring duplicate directory "c:/maximsdk/tools/gnutools/10.3/lib/gcc/../../lib/gcc/arm-none-eabi/10.3.1/include"
ignoring nonexistent directory "c:\maximsdk\tools\gnutools\10.3\bin\../arm-none-eabi/mnt/workspace/workspace/GCC-10-pipeline/jenkins-GCC-10-pipeline-338_20211018_1634516203/install-mingw/lib/gcc/arm-none-eabi/10.3.1/../../../../include"
ignoring duplicate directory "c:/maximsdk/tools/gnutools/10.3/lib/gcc/../../lib/gcc/arm-none-eabi/10.3.1/include-fixed"
ignoring duplicate directory "c:/maximsdk/tools/gnutools/10.3/lib/gcc/../../lib/gcc/arm-none-eabi/10.3.1/../../../../arm-none-eabi/include"
ignoring nonexistent directory "c:\maximsdk\tools\gnutools\10.3\bin\../arm-none-eabi/usr/include"
#include "..." search starts here:
#include <...> search starts here:
 c:\maximsdk\tools\gnutools\10.3\bin\../lib/gcc/arm-none-eabi/10.3.1/include
#undef __ARM_FEATURE_MVE
 c:\maximsdk\tools\gnutools\10.3\bin\../lib/gcc/arm-none-eabi/10.3.1/include-fixed
#undef __ARM_FEATURE_CMSE
#undef __ARM_FEATURE_LDREX
#undef __ARM_FEATURE_CLZ
#undef __ARM_FEATURE_NUMERIC_MAXMIN
#undef __ARM_FEATURE_SIMD32
#define __ARM_SIZEOF_MINIMAL_ENUM 1
#define __ARM_SIZEOF_WCHAR_T 4
#undef __ARM_ARCH_PROFILE
#define __arm__ 1
#undef __ARM_ARCH
#define __ARM_ARCH 4
#define __ARM_ARCH_ISA_ARM 1
#define __APCS_32__ 1
#define __GCC_ASM_FLAG_OUTPUTS__ 1
#undef __thumb__
#undef __thumb2__
 c:\maximsdk\tools\gnutools\10.3\bin\../lib/gcc/arm-none-eabi/10.3.1/../../../../arm-none-eabi/include
End of search list.
#undef __THUMBEL__
#undef __ARM_ARCH_ISA_THUMB
COMPILER_PATH=c:/maximsdk/tools/gnutools/10.3/bin/../lib/gcc/arm-none-eabi/10.3.1/;c:/maximsdk/tools/gnutools/10.3/bin/../lib/gcc/;c:/maximsdk/tools/gnutools/10.3/bin/../lib/gcc/arm-none-eabi/10.3.1/../../../../arm-none-eabi/bin/
#define __ARM_ARCH_ISA_THUMB 1
LIBRARY_PATH=c:/maximsdk/tools/gnutools/10.3/bin/../lib/gcc/arm-none-eabi/10.3.1/;c:/maximsdk/tools/gnutools/10.3/bin/../lib/gcc/;c:/maximsdk/tools/gnutools/10.3/bin/../lib/gcc/arm-none-eabi/10.3.1/../../../../arm-none-eabi/lib/;c:/maximsdk/tools/gnutools/10.3/bin/../arm-none-eabi/lib/
COLLECT_GCC_OPTIONS='-E' '-P' '-v' '-dD' '-D' 'MXC_ASSERT_ENABLE' '-D' 'ARM_MATH_CM4' '-mcpu=arm7tdmi' '-mfloat-abi=soft' '-marm' '-mlibarch=armv4t' '-march=armv4t'
#define __ARMEL__ 1
#define __SOFTFP__ 1
#define __VFP_FP__ 1
#undef __ARM_FP
#undef __ARM_FP16_FORMAT_IEEE
#undef __ARM_FP16_FORMAT_ALTERNATIVE
#undef __ARM_FP16_ARGS
#undef __ARM_FEATURE_FP16_SCALAR_ARITHMETIC
#undef __ARM_FEATURE_FP16_VECTOR_ARITHMETIC
#undef __ARM_FEATURE_FP16_FML
#undef __ARM_FEATURE_FMA
#undef __ARM_NEON__
#undef __ARM_NEON
#undef __ARM_NEON_FP
#define __THUMB_INTERWORK__ 1
#define __ARM_ARCH_4T__ 1
#define __ARM_PCS 1
#define __ARM_EABI__ 1
#undef __FDPIC__
#undef __ARM_ARCH_EXT_IDIV__
#undef __ARM_FEATURE_IDIV
#undef __ARM_ASM_SYNTAX_UNIFIED__
#undef __ARM_FEATURE_COPROC
#define __ARM_FEATURE_COPROC 1
#undef __ARM_FEATURE_CDE
#undef __ARM_FEATURE_CDE_COPROC
#undef __ARM_FEATURE_MATMUL_INT8
#undef __ARM_FEATURE_BF16_SCALAR_ARITHMETIC
#undef __ARM_FEATURE_BF16_VECTOR_ARITHMETIC
#undef __ARM_BF16_FORMAT_ALTERNATIVE
#define __GXX_TYPEINFO_EQUALITY_INLINE 0
#define __ELF__ 1
#define __USES_INITFINI__ 1
#define MXC_ASSERT_ENABLE 1
#define ARM_MATH_CM4 1
21:31:39 **** Running scanner discovery: CDT Cross GCC Built-in Compiler Settings ****
arm-none-eabi-gcc -E -P -v -dD C:/Users/senth/Desktop/NCSU/Research/.metadata/.plugins/org.eclipse.cdt.managedbuilder.core/spec.cpp -DMXC_ASSERT_ENABLE -DARM_MATH_CM4 
Using built-in specs.
COLLECT_GCC=C:\MaximSDk\Tools\GNUTools\10.3\bin\arm-none-eabi-gcc.exe
Target: arm-none-eabi
Configured with: /mnt/workspace/workspace/GCC-10-pipeline/jenkins-GCC-10-pipeline-338_20211018_1634516203/src/gcc/configure --build=x86_64-linux-gnu --host=i686-w64-mingw32 --target=arm-none-eabi --prefix=/mnt/workspace/workspace/GCC-10-pipeline/jenkins-GCC-10-pipeline-338_20211018_1634516203/install-mingw --libexecdir=/mnt/workspace/workspace/GCC-10-pipeline/jenkins-GCC-10-pipeline-338_20211018_1634516203/install-mingw/lib --infodir=/mnt/workspace/workspace/GCC-10-pipeline/jenkins-GCC-10-pipeline-338_20211018_1634516203/install-mingw/share/doc/gcc-arm-none-eabi/info --mandir=/mnt/workspace/workspace/GCC-10-pipeline/jenkins-GCC-10-pipeline-338_20211018_1634516203/install-mingw/share/doc/gcc-arm-none-eabi/man --htmldir=/mnt/workspace/workspace/GCC-10-pipeline/jenkins-GCC-10-pipeline-338_20211018_1634516203/install-mingw/share/doc/gcc-arm-none-eabi/html --pdfdir=/mnt/workspace/workspace/GCC-10-pipeline/jenkins-GCC-10-pipeline-338_20211018_1634516203/install-mingw/share/doc/gcc-arm-none-eabi/pdf --enable-languages=c,c++ --enable-mingw-wildcard --disable-decimal-float --disable-libffi --disable-libgomp --disable-libmudflap --disable-libquadmath --disable-libssp --disable-libstdcxx-pch --disable-nls --disable-shared --disable-threads --disable-tls --with-gnu-as --with-gnu-ld --with-headers=yes --with-newlib --with-python-dir=share/gcc-arm-none-eabi --with-sysroot=/mnt/workspace/workspace/GCC-10-pipeline/jenkins-GCC-10-pipeline-338_20211018_1634516203/install-mingw/arm-none-eabi --with-libiconv-prefix=/mnt/workspace/workspace/GCC-10-pipeline/jenkins-GCC-10-pipeline-338_20211018_1634516203/build-mingw/host-libs/usr --with-gmp=/mnt/workspace/workspace/GCC-10-pipeline/jenkins-GCC-10-pipeline-338_20211018_1634516203/build-mingw/host-libs/usr --with-mpfr=/mnt/workspace/workspace/GCC-10-pipeline/jenkins-GCC-10-pipeline-338_20211018_1634516203/build-mingw/host-libs/usr --with-mpc=/mnt/workspace/workspace/GCC-10-pipeline/jenkins-GCC-10-pipeline-338_20211018_1634516203/build-mingw/host-libs/usr --with-isl=/mnt/workspace/workspace/GCC-10-pipeline/jenkins-GCC-10-pipeline-338_20211018_1634516203/build-mingw/host-libs/usr --with-libelf=/mnt/workspace/workspace/GCC-10-pipeline/jenkins-GCC-10-pipeline-338_20211018_1634516203/build-mingw/host-libs/usr --with-host-libstdcxx='-static-libgcc -Wl,-Bstatic,-lstdc++,-Bdynamic -lm' --with-pkgversion='GNU Arm Embedded Toolchain 10.3-2021.10' --with-multilib-list=rmprofile,aprofile
Thread model: single
Supported LTO compression algorithms: zlib
gcc version 10.3.1 20210824 (release) (GNU Arm Embedded Toolchain 10.3-2021.10) 
COLLECT_GCC_OPTIONS='-E' '-P' '-v' '-dD' '-D' 'MXC_ASSERT_ENABLE' '-D' 'ARM_MATH_CM4' '-mcpu=arm7tdmi' '-mfloat-abi=soft' '-marm' '-mlibarch=armv4t' '-march=armv4t'
 c:/maximsdk/tools/gnutools/10.3/bin/../lib/gcc/arm-none-eabi/10.3.1/cc1plus.exe -E -quiet -v -P -iprefix c:\maximsdk\tools\gnutools\10.3\bin\../lib/gcc/arm-none-eabi/10.3.1/ -isysroot c:\maximsdk\tools\gnutools\10.3\bin\../arm-none-eabi -D__USES_INITFINI__ -D MXC_ASSERT_ENABLE -D ARM_MATH_CM4 C:/Users/senth/Desktop/NCSU/Research/.metadata/.plugins/org.eclipse.cdt.managedbuilder.core/spec.cpp -mcpu=arm7tdmi -mfloat-abi=soft -marm -mlibarch=armv4t -march=armv4t -dD
#define __STDC__ 1
#define __cplusplus 201402L
#define __STDC_UTF_16__ 1
#define __STDC_UTF_32__ 1
#define __STDC_HOSTED__ 1
#define __GNUC__ 10
#define __GNUC_MINOR__ 3
#define __GNUC_PATCHLEVEL__ 1
#define __VERSION__ "10.3.1 20210824 (release)"
#define __ATOMIC_RELAXED 0
#define __ATOMIC_SEQ_CST 5
#define __ATOMIC_ACQUIRE 2
#define __ATOMIC_RELEASE 3
#define __ATOMIC_ACQ_REL 4
#define __ATOMIC_CONSUME 1
#define __FINITE_MATH_ONLY__ 0
#define __SIZEOF_INT__ 4
#define __SIZEOF_LONG__ 4
#define __SIZEOF_LONG_LONG__ 8
#define __SIZEOF_SHORT__ 2
#define __SIZEOF_FLOAT__ 4
#define __SIZEOF_DOUBLE__ 8
#define __SIZEOF_LONG_DOUBLE__ 8
#define __SIZEOF_SIZE_T__ 4
#define __CHAR_BIT__ 8
#define __BIGGEST_ALIGNMENT__ 8
#define __ORDER_LITTLE_ENDIAN__ 1234
#define __ORDER_BIG_ENDIAN__ 4321
#define __ORDER_PDP_ENDIAN__ 3412
#define __BYTE_ORDER__ __ORDER_LITTLE_ENDIAN__
#define __FLOAT_WORD_ORDER__ __ORDER_LITTLE_ENDIAN__
#define __SIZEOF_POINTER__ 4
#define __GNUG__ 10
#define __SIZE_TYPE__ unsigned int
#define __PTRDIFF_TYPE__ int
#define __WCHAR_TYPE__ unsigned int
#define __WINT_TYPE__ unsigned int
#define __INTMAX_TYPE__ long long int
#define __UINTMAX_TYPE__ long long unsigned int
#define __CHAR16_TYPE__ short unsigned int
#define __CHAR32_TYPE__ long unsigned int
#define __SIG_ATOMIC_TYPE__ int
#define __INT8_TYPE__ signed char
#define __INT16_TYPE__ short int
#define __INT32_TYPE__ long int
#define __INT64_TYPE__ long long int
#define __UINT8_TYPE__ unsigned char
#define __UINT16_TYPE__ short unsigned int
#define __UINT32_TYPE__ long unsigned int
#define __UINT64_TYPE__ long long unsigned int
#define __INT_LEAST8_TYPE__ signed char
#define __INT_LEAST16_TYPE__ short int
#define __INT_LEAST32_TYPE__ long int
#define __INT_LEAST64_TYPE__ long long int
#define __UINT_LEAST8_TYPE__ unsigned char
#define __UINT_LEAST16_TYPE__ short unsigned int
#define __UINT_LEAST32_TYPE__ long unsigned int
#define __UINT_LEAST64_TYPE__ long long unsigned int
#define __INT_FAST8_TYPE__ int
#define __INT_FAST16_TYPE__ int
#define __INT_FAST32_TYPE__ int
#define __INT_FAST64_TYPE__ long long int
#define __UINT_FAST8_TYPE__ unsigned int
#define __UINT_FAST16_TYPE__ unsigned int
#define __UINT_FAST32_TYPE__ unsigned int
#define __UINT_FAST64_TYPE__ long long unsigned int
#define __INTPTR_TYPE__ int
#define __UINTPTR_TYPE__ unsigned int
#define __GXX_WEAK__ 1
#define __DEPRECATED 1
#define __GXX_RTTI 1
#define __cpp_rtti 199711L
#define __GXX_EXPERIMENTAL_CXX0X__ 1
#define __cpp_binary_literals 201304L
#define __cpp_hex_float 201603L
#define __cpp_runtime_arrays 198712L
#define __cpp_unicode_characters 200704L
#define __cpp_raw_strings 200710L
#define __cpp_unicode_literals 200710L
#define __cpp_user_defined_literals 200809L
#define __cpp_lambdas 200907L
#define __cpp_range_based_for 200907L
#define __cpp_static_assert 200410L
#define __cpp_decltype 200707L
#define __cpp_attributes 200809L
#define __cpp_rvalue_reference 200610L
#define __cpp_rvalue_references 200610L
#define __cpp_variadic_templates 200704L
#define __cpp_initializer_lists 200806L
#define __cpp_delegating_constructors 200604L
#define __cpp_nsdmi 200809L
#define __cpp_inheriting_constructors 201511L
#define __cpp_ref_qualifiers 200710L
#define __cpp_alias_templates 200704L
#define __cpp_return_type_deduction 201304L
#define __cpp_init_captures 201304L
#define __cpp_generic_lambdas 201304L
#define __cpp_constexpr 201304L
#define __cpp_decltype_auto 201304L
#define __cpp_aggregate_nsdmi 201304L
#define __cpp_variable_templates 201304L
#define __cpp_digit_separators 201309L
#define __cpp_sized_deallocation 201309L
#define __cpp_threadsafe_static_init 200806L
#define __EXCEPTIONS 1
#define __cpp_exceptions 199711L
#define __GXX_ABI_VERSION 1014
#define __SCHAR_MAX__ 0x7f
#define __SHRT_MAX__ 0x7fff
#define __INT_MAX__ 0x7fffffff
#define __LONG_MAX__ 0x7fffffffL
#define __LONG_LONG_MAX__ 0x7fffffffffffffffLL
#define __WCHAR_MAX__ 0xffffffffU
#define __WCHAR_MIN__ 0U
#define __WINT_MAX__ 0xffffffffU
#define __WINT_MIN__ 0U
#define __PTRDIFF_MAX__ 0x7fffffff
#define __SIZE_MAX__ 0xffffffffU
#define __SCHAR_WIDTH__ 8
#define __SHRT_WIDTH__ 16
#define __INT_WIDTH__ 32
#define __LONG_WIDTH__ 32
#define __LONG_LONG_WIDTH__ 64
#define __WCHAR_WIDTH__ 32
#define __WINT_WIDTH__ 32
#define __PTRDIFF_WIDTH__ 32
#define __SIZE_WIDTH__ 32
#define __INTMAX_MAX__ 0x7fffffffffffffffLL
#define __INTMAX_C(c) c ## LL
#define __UINTMAX_MAX__ 0xffffffffffffffffULL
#define __UINTMAX_C(c) c ## ULL
#define __INTMAX_WIDTH__ 64
#define __SIG_ATOMIC_MAX__ 0x7fffffff
#define __SIG_ATOMIC_MIN__ (-__SIG_ATOMIC_MAX__ - 1)
#define __SIG_ATOMIC_WIDTH__ 32
#define __INT8_MAX__ 0x7f
#define __INT16_MAX__ 0x7fff
#define __INT32_MAX__ 0x7fffffffL
#define __INT64_MAX__ 0x7fffffffffffffffLL
#define __UINT8_MAX__ 0xff
#define __UINT16_MAX__ 0xffff
#define __UINT32_MAX__ 0xffffffffUL
#define __UINT64_MAX__ 0xffffffffffffffffULL
#define __INT_LEAST8_MAX__ 0x7f
#define __INT8_C(c) c
#define __INT_LEAST8_WIDTH__ 8
#define __INT_LEAST16_MAX__ 0x7fff
#define __INT16_C(c) c
#define __INT_LEAST16_WIDTH__ 16
#define __INT_LEAST32_MAX__ 0x7fffffffL
#define __INT32_C(c) c ## L
#define __INT_LEAST32_WIDTH__ 32
#define __INT_LEAST64_MAX__ 0x7fffffffffffffffLL
#define __INT64_C(c) c ## LL
#define __INT_LEAST64_WIDTH__ 64
#define __UINT_LEAST8_MAX__ 0xff
#define __UINT8_C(c) c
#define __UINT_LEAST16_MAX__ 0xffff
#define __UINT16_C(c) c
#define __UINT_LEAST32_MAX__ 0xffffffffUL
#define __UINT32_C(c) c ## UL
#define __UINT_LEAST64_MAX__ 0xffffffffffffffffULL
#define __UINT64_C(c) c ## ULL
#define __INT_FAST8_MAX__ 0x7fffffff
#define __INT_FAST8_WIDTH__ 32
#define __INT_FAST16_MAX__ 0x7fffffff
#define __INT_FAST16_WIDTH__ 32
#define __INT_FAST32_MAX__ 0x7fffffff
#define __INT_FAST32_WIDTH__ 32
#define __INT_FAST64_MAX__ 0x7fffffffffffffffLL
#define __INT_FAST64_WIDTH__ 64
#define __UINT_FAST8_MAX__ 0xffffffffU
#define __UINT_FAST16_MAX__ 0xffffffffU
#define __UINT_FAST32_MAX__ 0xffffffffU
#define __UINT_FAST64_MAX__ 0xffffffffffffffffULL
#define __INTPTR_MAX__ 0x7fffffff
#define __INTPTR_WIDTH__ 32
#define __UINTPTR_MAX__ 0xffffffffU
#define __GCC_IEC_559 0
#define __GCC_IEC_559_COMPLEX 0
#define __FLT_EVAL_METHOD__ 0
#define __FLT_EVAL_METHOD_TS_18661_3__ 0
#define __DEC_EVAL_METHOD__ 2
#define __FLT_RADIX__ 2
#define __FLT_MANT_DIG__ 24
#define __FLT_DIG__ 6
#define __FLT_MIN_EXP__ (-125)
#define __FLT_MIN_10_EXP__ (-37)
#define __FLT_MAX_EXP__ 128
#define __FLT_MAX_10_EXP__ 38
#define __FLT_DECIMAL_DIG__ 9
#define __FLT_MAX__ 3.4028234663852886e+38F
#define __FLT_NORM_MAX__ 3.4028234663852886e+38F
#define __FLT_MIN__ 1.1754943508222875e-38F
#define __FLT_EPSILON__ 1.1920928955078125e-7F
#define __FLT_DENORM_MIN__ 1.4012984643248171e-45F
#define __FLT_HAS_DENORM__ 1
#define __FLT_HAS_INFINITY__ 1
#define __FLT_HAS_QUIET_NAN__ 1
#define __DBL_MANT_DIG__ 53
#define __DBL_DIG__ 15
#define __DBL_MIN_EXP__ (-1021)
#define __DBL_MIN_10_EXP__ (-307)
#define __DBL_MAX_EXP__ 1024
#define __DBL_MAX_10_EXP__ 308
#define __DBL_DECIMAL_DIG__ 17
#define __DBL_MAX__ double(1.7976931348623157e+308L)
#define __DBL_NORM_MAX__ double(1.7976931348623157e+308L)
#define __DBL_MIN__ double(2.2250738585072014e-308L)
#define __DBL_EPSILON__ double(2.2204460492503131e-16L)
#define __DBL_DENORM_MIN__ double(4.9406564584124654e-324L)
#define __DBL_HAS_DENORM__ 1
#define __DBL_HAS_INFINITY__ 1
#define __DBL_HAS_QUIET_NAN__ 1
#define __LDBL_MANT_DIG__ 53
#define __LDBL_DIG__ 15
#define __LDBL_MIN_EXP__ (-1021)
#define __LDBL_MIN_10_EXP__ (-307)
#define __LDBL_MAX_EXP__ 1024
#define __LDBL_MAX_10_EXP__ 308
#define __DECIMAL_DIG__ 17
#define __LDBL_DECIMAL_DIG__ 17
#define __LDBL_MAX__ 1.7976931348623157e+308L
#define __LDBL_NORM_MAX__ 1.7976931348623157e+308L
#define __LDBL_MIN__ 2.2250738585072014e-308L
#define __LDBL_EPSILON__ 2.2204460492503131e-16L
#define __LDBL_DENORM_MIN__ 4.9406564584124654e-324L
#define __LDBL_HAS_DENORM__ 1
#define __LDBL_HAS_INFINITY__ 1
#define __LDBL_HAS_QUIET_NAN__ 1
#define __FLT32_MANT_DIG__ 24
#define __FLT32_DIG__ 6
#define __FLT32_MIN_EXP__ (-125)
#define __FLT32_MIN_10_EXP__ (-37)
#define __FLT32_MAX_EXP__ 128
#define __FLT32_MAX_10_EXP__ 38
#define __FLT32_DECIMAL_DIG__ 9
#define __FLT32_MAX__ 3.4028234663852886e+38F32
#define __FLT32_NORM_MAX__ 3.4028234663852886e+38F32
#define __FLT32_MIN__ 1.1754943508222875e-38F32
#define __FLT32_EPSILON__ 1.1920928955078125e-7F32
#define __FLT32_DENORM_MIN__ 1.4012984643248171e-45F32
#define __FLT32_HAS_DENORM__ 1
#define __FLT32_HAS_INFINITY__ 1
#define __FLT32_HAS_QUIET_NAN__ 1
#define __FLT64_MANT_DIG__ 53
#define __FLT64_DIG__ 15
#define __FLT64_MIN_EXP__ (-1021)
#define __FLT64_MIN_10_EXP__ (-307)
#define __FLT64_MAX_EXP__ 1024
#define __FLT64_MAX_10_EXP__ 308
#define __FLT64_DECIMAL_DIG__ 17
#define __FLT64_MAX__ 1.7976931348623157e+308F64
#define __FLT64_NORM_MAX__ 1.7976931348623157e+308F64
#define __FLT64_MIN__ 2.2250738585072014e-308F64
#define __FLT64_EPSILON__ 2.2204460492503131e-16F64
#define __FLT64_DENORM_MIN__ 4.9406564584124654e-324F64
#define __FLT64_HAS_DENORM__ 1
#define __FLT64_HAS_INFINITY__ 1
#define __FLT64_HAS_QUIET_NAN__ 1
#define __FLT32X_MANT_DIG__ 53
#define __FLT32X_DIG__ 15
#define __FLT32X_MIN_EXP__ (-1021)
#define __FLT32X_MIN_10_EXP__ (-307)
#define __FLT32X_MAX_EXP__ 1024
#define __FLT32X_MAX_10_EXP__ 308
#define __FLT32X_DECIMAL_DIG__ 17
#define __FLT32X_MAX__ 1.7976931348623157e+308F32x
#define __FLT32X_NORM_MAX__ 1.7976931348623157e+308F32x
#define __FLT32X_MIN__ 2.2250738585072014e-308F32x
#define __FLT32X_EPSILON__ 2.2204460492503131e-16F32x
#define __FLT32X_DENORM_MIN__ 4.9406564584124654e-324F32x
#define __FLT32X_HAS_DENORM__ 1
#define __FLT32X_HAS_INFINITY__ 1
#define __FLT32X_HAS_QUIET_NAN__ 1
#define __SFRACT_FBIT__ 7
#define __SFRACT_IBIT__ 0
#define __SFRACT_MIN__ (-0.5HR-0.5HR)
#define __SFRACT_MAX__ 0X7FP-7HR
#define __SFRACT_EPSILON__ 0x1P-7HR
#define __USFRACT_FBIT__ 8
#define __USFRACT_IBIT__ 0
#define __USFRACT_MIN__ 0.0UHR
#define __USFRACT_MAX__ 0XFFP-8UHR
#define __USFRACT_EPSILON__ 0x1P-8UHR
#define __FRACT_FBIT__ 15
#define __FRACT_IBIT__ 0
#define __FRACT_MIN__ (-0.5R-0.5R)
#define __FRACT_MAX__ 0X7FFFP-15R
#define __FRACT_EPSILON__ 0x1P-15R
#define __UFRACT_FBIT__ 16
#define __UFRACT_IBIT__ 0
#define __UFRACT_MIN__ 0.0UR
#define __UFRACT_MAX__ 0XFFFFP-16UR
#define __UFRACT_EPSILON__ 0x1P-16UR
#define __LFRACT_FBIT__ 31
#define __LFRACT_IBIT__ 0
#define __LFRACT_MIN__ (-0.5LR-0.5LR)
#define __LFRACT_MAX__ 0X7FFFFFFFP-31LR
#define __LFRACT_EPSILON__ 0x1P-31LR
#define __ULFRACT_FBIT__ 32
#define __ULFRACT_IBIT__ 0
#define __ULFRACT_MIN__ 0.0ULR
#define __ULFRACT_MAX__ 0XFFFFFFFFP-32ULR
#define __ULFRACT_EPSILON__ 0x1P-32ULR
#define __LLFRACT_FBIT__ 63
#define __LLFRACT_IBIT__ 0
#define __LLFRACT_MIN__ (-0.5LLR-0.5LLR)
#define __LLFRACT_MAX__ 0X7FFFFFFFFFFFFFFFP-63LLR
#define __LLFRACT_EPSILON__ 0x1P-63LLR
#define __ULLFRACT_FBIT__ 64
#define __ULLFRACT_IBIT__ 0
#define __ULLFRACT_MIN__ 0.0ULLR
#define __ULLFRACT_MAX__ 0XFFFFFFFFFFFFFFFFP-64ULLR
#define __ULLFRACT_EPSILON__ 0x1P-64ULLR
#define __SACCUM_FBIT__ 7
#define __SACCUM_IBIT__ 8
#define __SACCUM_MIN__ (-0X1P7HK-0X1P7HK)
#define __SACCUM_MAX__ 0X7FFFP-7HK
#define __SACCUM_EPSILON__ 0x1P-7HK
#define __USACCUM_FBIT__ 8
#define __USACCUM_IBIT__ 8
#define __USACCUM_MIN__ 0.0UHK
#define __USACCUM_MAX__ 0XFFFFP-8UHK
#define __USACCUM_EPSILON__ 0x1P-8UHK
#define __ACCUM_FBIT__ 15
#define __ACCUM_IBIT__ 16
#define __ACCUM_MIN__ (-0X1P15K-0X1P15K)
#define __ACCUM_MAX__ 0X7FFFFFFFP-15K
#define __ACCUM_EPSILON__ 0x1P-15K
#define __UACCUM_FBIT__ 16
#define __UACCUM_IBIT__ 16
#define __UACCUM_MIN__ 0.0UK
#define __UACCUM_MAX__ 0XFFFFFFFFP-16UK
#define __UACCUM_EPSILON__ 0x1P-16UK
#define __LACCUM_FBIT__ 31
#define __LACCUM_IBIT__ 32
#define __LACCUM_MIN__ (-0X1P31LK-0X1P31LK)
#define __LACCUM_MAX__ 0X7FFFFFFFFFFFFFFFP-31LK
#define __LACCUM_EPSILON__ 0x1P-31LK
#define __ULACCUM_FBIT__ 32
#define __ULACCUM_IBIT__ 32
#define __ULACCUM_MIN__ 0.0ULK
#define __ULACCUM_MAX__ 0XFFFFFFFFFFFFFFFFP-32ULK
#define __ULACCUM_EPSILON__ 0x1P-32ULK
#define __LLACCUM_FBIT__ 31
#define __LLACCUM_IBIT__ 32
#define __LLACCUM_MIN__ (-0X1P31LLK-0X1P31LLK)
#define __LLACCUM_MAX__ 0X7FFFFFFFFFFFFFFFP-31LLK
#define __LLACCUM_EPSILON__ 0x1P-31LLK
#define __ULLACCUM_FBIT__ 32
#define __ULLACCUM_IBIT__ 32
#define __ULLACCUM_MIN__ 0.0ULLK
#define __ULLACCUM_MAX__ 0XFFFFFFFFFFFFFFFFP-32ULLK
#define __ULLACCUM_EPSILON__ 0x1P-32ULLK
#define __QQ_FBIT__ 7
#define __QQ_IBIT__ 0
#define __HQ_FBIT__ 15
#define __HQ_IBIT__ 0
#define __SQ_FBIT__ 31
#define __SQ_IBIT__ 0
#define __DQ_FBIT__ 63
#define __DQ_IBIT__ 0
#define __TQ_FBIT__ 127
#define __TQ_IBIT__ 0
#define __UQQ_FBIT__ 8
#define __UQQ_IBIT__ 0
#define __UHQ_FBIT__ 16
#define __UHQ_IBIT__ 0
#define __USQ_FBIT__ 32
#define __USQ_IBIT__ 0
#define __UDQ_FBIT__ 64
#define __UDQ_IBIT__ 0
#define __UTQ_FBIT__ 128
#define __UTQ_IBIT__ 0
#define __HA_FBIT__ 7
#define __HA_IBIT__ 8
#define __SA_FBIT__ 15
ignoring duplicate directory "c:/maximsdk/tools/gnutools/10.3/lib/gcc/../../lib/gcc/arm-none-eabi/10.3.1/../../../../arm-none-eabi/include/c++/10.3.1"
ignoring duplicate directory "c:/maximsdk/tools/gnutools/10.3/lib/gcc/../../lib/gcc/arm-none-eabi/10.3.1/../../../../arm-none-eabi/include/c++/10.3.1/arm-none-eabi"
ignoring duplicate directory "c:/maximsdk/tools/gnutools/10.3/lib/gcc/../../lib/gcc/arm-none-eabi/10.3.1/../../../../arm-none-eabi/include/c++/10.3.1/backward"
ignoring duplicate directory "c:/maximsdk/tools/gnutools/10.3/lib/gcc/../../lib/gcc/arm-none-eabi/10.3.1/include"
#define __SA_IBIT__ 16
#define __DA_FBIT__ 31
#define __DA_IBIT__ 32
#define __TA_FBIT__ 63
#define __TA_IBIT__ 64
#define __UHA_FBIT__ 8
#define __UHA_IBIT__ 8
#define __USA_FBIT__ 16
#define __USA_IBIT__ 16
#define __UDA_FBIT__ 32
#define __UDA_IBIT__ 32
#define __UTA_FBIT__ 64
#define __UTA_IBIT__ 64
#define __REGISTER_PREFIX__ 
#define __USER_LABEL_PREFIX__ 
#define __GNUC_STDC_INLINE__ 1
#define __NO_INLINE__ 1
#define __CHAR_UNSIGNED__ 1
#define __WCHAR_UNSIGNED__ 1
#define __GCC_ATOMIC_BOOL_LOCK_FREE 1
#define __GCC_ATOMIC_CHAR_LOCK_FREE 1
#define __GCC_ATOMIC_CHAR16_T_LOCK_FREE 1
#define __GCC_ATOMIC_CHAR32_T_LOCK_FREE 1
#define __GCC_ATOMIC_WCHAR_T_LOCK_FREE 1
#define __GCC_ATOMIC_SHORT_LOCK_FREE 1
#define __GCC_ATOMIC_INT_LOCK_FREE 1
#define __GCC_ATOMIC_LONG_LOCK_FREE 1
#define __GCC_ATOMIC_LLONG_LOCK_FREE 1
#define __GCC_ATOMIC_TEST_AND_SET_TRUEVAL 1
#define __GCC_ATOMIC_POINTER_LOCK_FREE 1
#define __HAVE_SPECULATION_SAFE_VALUE 1
#define __PRAGMA_REDEFINE_EXTNAME 1
ignoring nonexistent directory "c:\maximsdk\tools\gnutools\10.3\bin\../arm-none-eabi/mnt/workspace/workspace/GCC-10-pipeline/jenkins-GCC-10-pipeline-338_20211018_1634516203/install-mingw/lib/gcc/arm-none-eabi/10.3.1/../../../../include"
ignoring duplicate directory "c:/maximsdk/tools/gnutools/10.3/lib/gcc/../../lib/gcc/arm-none-eabi/10.3.1/include-fixed"
ignoring duplicate directory "c:/maximsdk/tools/gnutools/10.3/lib/gcc/../../lib/gcc/arm-none-eabi/10.3.1/../../../../arm-none-eabi/include"
ignoring nonexistent directory "c:\maximsdk\tools\gnutools\10.3\bin\../arm-none-eabi/usr/include"
#include "..." search starts here:
#include <...> search starts here:
 c:\maximsdk\tools\gnutools\10.3\bin\../lib/gcc/arm-none-eabi/10.3.1/../../../../arm-none-eabi/include/c++/10.3.1
#define __SIZEOF_WCHAR_T__ 4
#define __SIZEOF_WINT_T__ 4
#define __SIZEOF_PTRDIFF_T__ 4
#undef __ARM_FEATURE_DSP
#undef __ARM_FEATURE_QBIT
#undef __ARM_FEATURE_SAT
#undef __ARM_FEATURE_CRYPTO
#undef __ARM_FEATURE_UNALIGNED
#undef __ARM_FEATURE_QRDMX
#undef __ARM_FEATURE_CRC32
#undef __ARM_FEATURE_DOTPROD
#undef __ARM_FEATURE_COMPLEX
#define __ARM_32BIT_STATE 1
#undef __ARM_FEATURE_MVE
#undef __ARM_FEATURE_CMSE
#undef __ARM_FEATURE_LDREX
#undef __ARM_FEATURE_CLZ
#undef __ARM_FEATURE_NUMERIC_MAXMIN
#undef __ARM_FEATURE_SIMD32
#define __ARM_SIZEOF_MINIMAL_ENUM 1
#define __ARM_SIZEOF_WCHAR_T 4
#undef __ARM_ARCH_PROFILE
#define __arm__ 1
#undef __ARM_ARCH
#define __ARM_ARCH 4
 c:\maximsdk\tools\gnutools\10.3\bin\../lib/gcc/arm-none-eabi/10.3.1/../../../../arm-none-eabi/include/c++/10.3.1/arm-none-eabi
 c:\maximsdk\tools\gnutools\10.3\bin\../lib/gcc/arm-none-eabi/10.3.1/../../../../arm-none-eabi/include/c++/10.3.1/backward
#define __ARM_ARCH_ISA_ARM 1
#define __APCS_32__ 1
#define __GCC_ASM_FLAG_OUTPUTS__ 1
#undef __thumb__
#undef __thumb2__
#undef __THUMBEL__
#undef __ARM_ARCH_ISA_THUMB
#define __ARM_ARCH_ISA_THUMB 1
#define __ARMEL__ 1
#define __SOFTFP__ 1
#define __VFP_FP__ 1
#undef __ARM_FP
#undef __ARM_FP16_FORMAT_IEEE
#undef __ARM_FP16_FORMAT_ALTERNATIVE
#undef __ARM_FP16_ARGS
#undef __ARM_FEATURE_FP16_SCALAR_ARITHMETIC
#undef __ARM_FEATURE_FP16_VECTOR_ARITHMETIC
#undef __ARM_FEATURE_FP16_FML
#undef __ARM_FEATURE_FMA
#undef __ARM_NEON__
#undef __ARM_NEON
#undef __ARM_NEON_FP
#define __THUMB_INTERWORK__ 1
 c:\maximsdk\tools\gnutools\10.3\bin\../lib/gcc/arm-none-eabi/10.3.1/include
 c:\maximsdk\tools\gnutools\10.3\bin\../lib/gcc/arm-none-eabi/10.3.1/include-fixed
 c:\maximsdk\tools\gnutools\10.3\bin\../lib/gcc/arm-none-eabi/10.3.1/../../../../arm-none-eabi/include
End of search list.
#define __ARM_ARCH_4T__ 1
#define __ARM_PCS 1
#define __ARM_EABI__ 1
#undef __FDPIC__
#undef __ARM_ARCH_EXT_IDIV__
COMPILER_PATH=c:/maximsdk/tools/gnutools/10.3/bin/../lib/gcc/arm-none-eabi/10.3.1/;c:/maximsdk/tools/gnutools/10.3/bin/../lib/gcc/;c:/maximsdk/tools/gnutools/10.3/bin/../lib/gcc/arm-none-eabi/10.3.1/../../../../arm-none-eabi/bin/
LIBRARY_PATH=c:/maximsdk/tools/gnutools/10.3/bin/../lib/gcc/arm-none-eabi/10.3.1/;c:/maximsdk/tools/gnutools/10.3/bin/../lib/gcc/;c:/maximsdk/tools/gnutools/10.3/bin/../lib/gcc/arm-none-eabi/10.3.1/../../../../arm-none-eabi/lib/;c:/maximsdk/tools/gnutools/10.3/bin/../arm-none-eabi/lib/
COLLECT_GCC_OPTIONS='-E' '-P' '-v' '-dD' '-D' 'MXC_ASSERT_ENABLE' '-D' 'ARM_MATH_CM4' '-mcpu=arm7tdmi' '-mfloat-abi=soft' '-marm' '-mlibarch=armv4t' '-march=armv4t'
#undef __ARM_FEATURE_IDIV
#undef __ARM_ASM_SYNTAX_UNIFIED__
#undef __ARM_FEATURE_COPROC
#define __ARM_FEATURE_COPROC 1
#undef __ARM_FEATURE_CDE
#undef __ARM_FEATURE_CDE_COPROC
#undef __ARM_FEATURE_MATMUL_INT8
#undef __ARM_FEATURE_BF16_SCALAR_ARITHMETIC
#undef __ARM_FEATURE_BF16_VECTOR_ARITHMETIC
#undef __ARM_BF16_FORMAT_ALTERNATIVE
#define __GXX_TYPEINFO_EQUALITY_INLINE 0
#define __ELF__ 1
#define __USES_INITFINI__ 1
#define MXC_ASSERT_ENABLE 1
#define ARM_MATH_CM4 1
